[おはよう]
hira = おはよう
romaji = ohayō
translation = Good morning
mora = 4
pap = 0
notes = Used informally until ~11:00 AM

[ありがとう]
hira = ありがとう
romaji = arigato
translation = thank you
mora = 5
pap = 2
notes = 

[いただきます]
hira = いただきます
romaji = itadakimasu
translation = I (humbly) receive (this meal)
mora = 6
pap = 5
notes = Used before eating.

[でも]
hira = でも
romaji = demo
translation = but
mora = 2
pap = 1
notes = 

[せんさい]
hira = せんさい
romaji = sensai
mora = 4
pap = 0
translation = teacher
notes = 

[こんばんは]
hira = こんばんは
romaji = konbanwa
mora = 5
pap = 5
translation = good evening
notes = 

[がくせい]
hira = がくせい
romaji = gakusei
mora = 4
pap = 0
translation = student
notes = 

[こんにちは]
hira = こんにちは
romaji = konnichiwa
mora = 5
pap = 5
translation = hello, hi, good day
notes = 

[あした]
hira = あした
romaji = ashita
mora = 3
pap = 3
translation = tomorrow
notes = 

[また]
hira = また
romaji = mata
mora = 2
pap = 0
translation = also, too, as well
notes = 

[ございます]
hira = ございます
romaji = gozaimasu
mora = 5
pap = 4
translation = there
notes = 

[すみません]
hira = すみません
romaji = sumimasen
mora = 5
pap = 4
translation = I'm sorry
notes = 

[いいえ]
hira = いいえ
romaji = iie
mora = 3
pap = 3
translation = No (that's okay)
notes = Used more as a pleasantry.

[いたしまして]
hira = いたしまして
romaji = itashimashite
mora = 6
pap = 4
translation = you're welcome
notes = Used in conjunction with dō.

[おやすみ]
hira = おやすみ
romaji = oyasumi
mora = 4
pap = 0
translation = good night
notes = Used informally, おやすみなさい is the more polite variation.

[いっしょに]
hira = いっしょに
romaji = isshoni
mora = 5
pap = 0
translation = together
notes = 

[わかり]
hira = わかり
romaji = wakari
mora = 3
pap = 3
translation = understand
notes = 

[たべる]
hira = たべる
romaji = taberu
mora = 3
pap = 2
translation = eat
notes = 

[ケーキ]
hira = ケーキ
romaji = kēki
mora = 2
pap = 1
translation = cake
notes = 

[ごちそう]
hira = ごちそう
romaji = gochisō
mora = 4
pap = 0
translation = feast
notes =
	

[家]
hira = いえ
romaji = ie
mora = 2
pap = 2
translation = home
notes = 
	

[その]
hira = その
romaji = sono
mora = 2
pap = 0
translation = that (near listener)
notes = The hiragana spelling is prefered over 其の
	

